
  .   ____          _            __ _ _
 /\\ / ___'_ __ _ _(_)_ __  __ _ \ \ \ \
( ( )\___ | '_ | '_| | '_ \/ _` | \ \ \ \
 \\/  ___)| |_)| | | | | || (_| |  ) ) ) )
  '  |____| .__|_| |_|_| |_\__, | / / / /
 =========|_|==============|___/=/_/_/_/
 :: Spring Boot ::                (v3.2.5)

2026-08-12T20:44:49.324+06:30  INFO 30448 --- [embos-backend] [           main] com.embos.EmbosApplication               : Starting EmbosApplication v0.0.1-SNAPSHOT using Java 19.0.1 with PID 30448 (C:\Users\PC\Documents\event\backend\target\embos-backend-0.0.1-SNAPSHOT.jar started by PC in C:\Users\PC\Documents\event\backend)
2026-08-12T20:44:49.340+06:30  INFO 30448 --- [embos-backend] [           main] com.embos.EmbosApplication               : No active profile set, falling back to 1 default profile: "default"
2026-08-12T20:44:51.536+06:30  INFO 30448 --- [embos-backend] [           main] .s.d.r.c.RepositoryConfigurationDelegate : Bootstrapping Spring Data JPA repositories in DEFAULT mode.
2026-08-12T20:44:51.745+06:30  INFO 30448 --- [embos-backend] [           main] .s.d.r.c.RepositoryConfigurationDelegate : Finished Spring Data repository scanning in 187 ms. Found 12 JPA repository interfaces.
2026-08-12T20:44:53.579+06:30  INFO 30448 --- [embos-backend] [           main] o.s.b.w.embedded.tomcat.TomcatWebServer  : Tomcat initialized with port 8080 (http)
2026-08-12T20:44:53.617+06:30  INFO 30448 --- [embos-backend] [           main] o.apache.catalina.core.StandardService   : Starting service [Tomcat]
2026-08-12T20:44:53.619+06:30  INFO 30448 --- [embos-backend] [           main] o.apache.catalina.core.StandardEngine    : Starting Servlet engine: [Apache Tomcat/10.1.20]
2026-08-12T20:44:53.684+06:30  INFO 30448 --- [embos-backend] [           main] o.a.c.c.C.[Tomcat].[localhost].[/]       : Initializing Spring embedded WebApplicationContext
2026-08-12T20:44:53.692+06:30  INFO 30448 --- [embos-backend] [           main] w.s.c.ServletWebServerApplicationContext : Root WebApplicationContext: initialization completed in 4178 ms
2026-08-12T20:44:54.063+06:30  INFO 30448 --- [embos-backend] [           main] o.hibernate.jpa.internal.util.LogHelper  : HHH000204: Processing PersistenceUnitInfo [name: default]
2026-08-12T20:44:54.213+06:30  INFO 30448 --- [embos-backend] [           main] org.hibernate.Version                    : HHH000412: Hibernate ORM core version 6.4.4.Final
2026-08-12T20:44:54.276+06:30  INFO 30448 --- [embos-backend] [           main] o.h.c.internal.RegionFactoryInitiator    : HHH000026: Second-level cache disabled
2026-08-12T20:44:54.975+06:30  INFO 30448 --- [embos-backend] [           main] o.s.o.j.p.SpringPersistenceUnitInfo      : No LoadTimeWeaver setup: ignoring JPA class transformer
2026-08-12T20:44:55.065+06:30  INFO 30448 --- [embos-backend] [           main] com.zaxxer.hikari.HikariDataSource       : HikariPool-1 - Starting...
2026-08-12T20:44:55.438+06:30  INFO 30448 --- [embos-backend] [           main] com.zaxxer.hikari.pool.HikariPool        : HikariPool-1 - Added connection com.mysql.cj.jdbc.ConnectionImpl@14dbfdb1
2026-08-12T20:44:55.454+06:30  INFO 30448 --- [embos-backend] [           main] com.zaxxer.hikari.HikariDataSource       : HikariPool-1 - Start completed.
2026-08-12T20:44:55.593+06:30  WARN 30448 --- [embos-backend] [           main] org.hibernate.dialect.Dialect            : HHH000511: The 5.5.0 version for [org.hibernate.dialect.MySQLDialect] is no longer supported, hence certain features may not work properly. The minimum supported version is 8.0.0. Check the community dialects project for available legacy versions.
2026-08-12T20:44:58.260+06:30  INFO 30448 --- [embos-backend] [           main] o.h.e.t.j.p.i.JtaPlatformInitiator       : HHH000489: No JTA platform available (set 'hibernate.transaction.jta.platform' to enable JTA platform integration)
2026-08-12T20:44:58.673+06:30  INFO 30448 --- [embos-backend] [           main] j.LocalContainerEntityManagerFactoryBean : Initialized JPA EntityManagerFactory for persistence unit 'default'
2026-08-12T20:45:01.468+06:30  INFO 30448 --- [embos-backend] [           main] o.s.s.web.DefaultSecurityFilterChain     : Will secure any request with [org.springframework.security.web.session.DisableEncodeUrlFilter@4eb43d2f, org.springframework.security.web.context.request.async.WebAsyncManagerIntegrationFilter@453961d7, org.springframework.security.web.context.SecurityContextHolderFilter@331fe6d4, org.springframework.security.web.header.HeaderWriterFilter@1cdbc986, org.springframework.web.filter.CorsFilter@505f6511, org.springframework.security.web.authentication.logout.LogoutFilter@3fe33c59, com.embos.security.JwtAuthFilter@771ede0d, org.springframework.security.web.savedrequest.RequestCacheAwareFilter@555454c7, org.springframework.security.web.servletapi.SecurityContextHolderAwareRequestFilter@1a4340f2, org.springframework.security.web.authentication.AnonymousAuthenticationFilter@3dfb1626, org.springframework.security.web.session.SessionManagementFilter@346e76ad, org.springframework.security.web.access.ExceptionTranslationFilter@7d776105, org.springframework.security.web.access.intercept.AuthorizationFilter@625d2b6d]
2026-08-12T20:45:02.460+06:30  INFO 30448 --- [embos-backend] [           main] o.s.b.w.embedded.tomcat.TomcatWebServer  : Tomcat started on port 8080 (http) with context path ''
2026-08-12T20:45:02.555+06:30  INFO 30448 --- [embos-backend] [           main] com.embos.EmbosApplication               : Started EmbosApplication in 14.204 seconds (process running for 15.167)
2026-08-12T20:45:02.722+06:30  INFO 30448 --- [embos-backend] [nio-8080-exec-1] o.a.c.c.C.[Tomcat].[localhost].[/]       : Initializing Spring DispatcherServlet 'dispatcherServlet'
2026-08-12T20:45:02.728+06:30  INFO 30448 --- [embos-backend] [nio-8080-exec-1] o.s.web.servlet.DispatcherServlet        : Initializing Servlet 'dispatcherServlet'
2026-08-12T20:45:02.731+06:30  INFO 30448 --- [embos-backend] [nio-8080-exec-1] o.s.web.servlet.DispatcherServlet        : Completed initialization in 1 ms
2026-08-12T21:57:11.953+06:30  WARN 30448 --- [embos-backend] [l-1 housekeeper] com.zaxxer.hikari.pool.HikariPool        : HikariPool-1 - Thread starvation or clock leap detected (housekeeper delta=45m16s25ms486µs200ns).
