
  .   ____          _            __ _ _
 /\\ / ___'_ __ _ _(_)_ __  __ _ \ \ \ \
( ( )\___ | '_ | '_| | '_ \/ _` | \ \ \ \
 \\/  ___)| |_)| | | | | || (_| |  ) ) ) )
  '  |____| .__|_| |_|_| |_\__, | / / / /
 =========|_|==============|___/=/_/_/_/
 :: Spring Boot ::                (v3.2.5)

2026-09-01T12:46:03.965+06:30  INFO 3232 --- [embos-backend] [           main] com.embos.EmbosApplication               : Starting EmbosApplication v0.0.1-SNAPSHOT using Java 17.0.20.1 with PID 3232 (C:\event\Event-Management-and-Budget-Optimization-System\backend\target\embos-backend-0.0.1-SNAPSHOT.jar started by DELL in C:\event\Event-Management-and-Budget-Optimization-System\backend)
2026-09-01T12:46:03.971+06:30  INFO 3232 --- [embos-backend] [           main] com.embos.EmbosApplication               : No active profile set, falling back to 1 default profile: "default"
2026-09-01T12:46:06.096+06:30  INFO 3232 --- [embos-backend] [           main] .s.d.r.c.RepositoryConfigurationDelegate : Bootstrapping Spring Data JPA repositories in DEFAULT mode.
2026-09-01T12:46:06.360+06:30  INFO 3232 --- [embos-backend] [           main] .s.d.r.c.RepositoryConfigurationDelegate : Finished Spring Data repository scanning in 224 ms. Found 13 JPA repository interfaces.
2026-09-01T12:46:07.848+06:30  INFO 3232 --- [embos-backend] [           main] o.s.b.w.embedded.tomcat.TomcatWebServer  : Tomcat initialized with port 8080 (http)
2026-09-01T12:46:07.875+06:30  INFO 3232 --- [embos-backend] [           main] o.apache.catalina.core.StandardService   : Starting service [Tomcat]
2026-09-01T12:46:07.875+06:30  INFO 3232 --- [embos-backend] [           main] o.apache.catalina.core.StandardEngine    : Starting Servlet engine: [Apache Tomcat/10.1.20]
2026-09-01T12:46:07.980+06:30  INFO 3232 --- [embos-backend] [           main] o.a.c.c.C.[Tomcat].[localhost].[/]       : Initializing Spring embedded WebApplicationContext
2026-09-01T12:46:07.984+06:30  INFO 3232 --- [embos-backend] [           main] w.s.c.ServletWebServerApplicationContext : Root WebApplicationContext: initialization completed in 3853 ms
2026-09-01T12:46:08.608+06:30  INFO 3232 --- [embos-backend] [           main] o.hibernate.jpa.internal.util.LogHelper  : HHH000204: Processing PersistenceUnitInfo [name: default]
2026-09-01T12:46:08.810+06:30  INFO 3232 --- [embos-backend] [           main] org.hibernate.Version                    : HHH000412: Hibernate ORM core version 6.4.4.Final
2026-09-01T12:46:09.012+06:30  INFO 3232 --- [embos-backend] [           main] o.h.c.internal.RegionFactoryInitiator    : HHH000026: Second-level cache disabled
2026-09-01T12:46:10.007+06:30  INFO 3232 --- [embos-backend] [           main] o.s.o.j.p.SpringPersistenceUnitInfo      : No LoadTimeWeaver setup: ignoring JPA class transformer
2026-09-01T12:46:10.117+06:30  INFO 3232 --- [embos-backend] [           main] com.zaxxer.hikari.HikariDataSource       : HikariPool-1 - Starting...
2026-09-01T12:46:10.697+06:30  INFO 3232 --- [embos-backend] [           main] com.zaxxer.hikari.pool.HikariPool        : HikariPool-1 - Added connection com.mysql.cj.jdbc.ConnectionImpl@717a8a76
2026-09-01T12:46:10.702+06:30  INFO 3232 --- [embos-backend] [           main] com.zaxxer.hikari.HikariDataSource       : HikariPool-1 - Start completed.
2026-09-01T12:46:10.865+06:30  WARN 3232 --- [embos-backend] [           main] org.hibernate.dialect.Dialect            : HHH000511: The 5.5.0 version for [org.hibernate.dialect.MySQLDialect] is no longer supported, hence certain features may not work properly. The minimum supported version is 8.0.0. Check the community dialects project for available legacy versions.
2026-09-01T12:46:12.998+06:30  INFO 3232 --- [embos-backend] [           main] o.h.e.t.j.p.i.JtaPlatformInitiator       : HHH000489: No JTA platform available (set 'hibernate.transaction.jta.platform' to enable JTA platform integration)
2026-09-01T12:46:13.330+06:30  INFO 3232 --- [embos-backend] [           main] j.LocalContainerEntityManagerFactoryBean : Initialized JPA EntityManagerFactory for persistence unit 'default'
2026-09-01T12:46:14.023+06:30  INFO 3232 --- [embos-backend] [           main] o.s.d.j.r.query.QueryEnhancerFactory     : Hibernate is in classpath; If applicable, HQL parser will be used.
2026-09-01T12:46:18.804+06:30  INFO 3232 --- [embos-backend] [           main] o.s.s.web.DefaultSecurityFilterChain     : Will secure any request with [org.springframework.security.web.session.DisableEncodeUrlFilter@37a522c8, org.springframework.security.web.context.request.async.WebAsyncManagerIntegrationFilter@6ab80ea, org.springframework.security.web.context.SecurityContextHolderFilter@6b50017c, org.springframework.security.web.header.HeaderWriterFilter@26be5ee, org.springframework.web.filter.CorsFilter@4982b310, org.springframework.security.web.authentication.logout.LogoutFilter@83ec0b0, com.embos.security.JwtAuthFilter@33f5d807, org.springframework.security.web.savedrequest.RequestCacheAwareFilter@652a16a8, org.springframework.security.web.servletapi.SecurityContextHolderAwareRequestFilter@7b78c40d, org.springframework.security.web.authentication.AnonymousAuthenticationFilter@21ec723c, org.springframework.security.web.session.SessionManagementFilter@28908c04, org.springframework.security.web.access.ExceptionTranslationFilter@db62b5f, org.springframework.security.web.access.intercept.AuthorizationFilter@3a2173cd]
2026-09-01T12:46:19.916+06:30  INFO 3232 --- [embos-backend] [           main] o.s.b.w.embedded.tomcat.TomcatWebServer  : Tomcat started on port 8080 (http) with context path ''
2026-09-01T12:46:19.972+06:30  INFO 3232 --- [embos-backend] [           main] com.embos.EmbosApplication               : Started EmbosApplication in 16.928 seconds (process running for 17.78)
2026-09-01T12:46:48.660+06:30  INFO 3232 --- [embos-backend] [nio-8080-exec-1] o.a.c.c.C.[Tomcat].[localhost].[/]       : Initializing Spring DispatcherServlet 'dispatcherServlet'
2026-09-01T12:46:48.660+06:30  INFO 3232 --- [embos-backend] [nio-8080-exec-1] o.s.web.servlet.DispatcherServlet        : Initializing Servlet 'dispatcherServlet'
2026-09-01T12:46:48.662+06:30  INFO 3232 --- [embos-backend] [nio-8080-exec-1] o.s.web.servlet.DispatcherServlet        : Completed initialization in 2 ms
2026-09-01T13:00:20.191+06:30  WARN 3232 --- [embos-backend] [         task-1] com.embos.mail.ResendClient              : Email sending disabled: RESEND_API_KEY not configured. Skipping email to swamhtet@gmail.com
