
> frontend@0.1.0 dev:clean
> node -e "require('fs').rmSync('.next',{recursive:true,force:true})" && next dev --turbopack

   ▲ Next.js 15.5.22 (Turbopack)
   - Local:        http://localhost:3000
   - Network:      http://192.168.4.2:3000

 ✓ Starting...
 ✓ Compiled middleware in 228ms
 ✓ Ready in 2.1s
 ○ Compiling /dashboard ...
 ✓ Compiled /dashboard in 7.4s
 ○ Compiling /login ...
 ✓ Compiled /login in 1006ms
 GET /login 200 in 1293ms
 GET /dashboard 200 in 329ms
 ✓ Compiled /events in 456ms
 GET /events 200 in 632ms
[req-log] 2026-09-01T06:16:48.552Z POST /api/auth/login origin=http://localhost:3000 ct=application/json auth=none
 ○ Compiling / ...
 ✓ Compiled / in 736ms
 GET / 200 in 1157ms
 GET /dashboard 200 in 276ms
[req-log] 2026-09-01T06:16:53.788Z GET /api/notifications/unread-count origin=none ct=none auth=Bearer eyJhbGciOiJIUzUxMiJ9.ey...
[req-log] 2026-09-01T06:16:53.794Z GET /api/dashboard origin=none ct=none auth=Bearer eyJhbGciOiJIUzUxMiJ9.ey...
 GET /login 200 in 503ms
 GET /dashboard 200 in 388ms
[req-log] 2026-09-01T06:17:13.056Z GET /api/notifications/unread-count origin=none ct=none auth=Bearer eyJhbGciOiJIUzUxMiJ9.ey...
[req-log] 2026-09-01T06:17:13.060Z GET /api/dashboard origin=none ct=none auth=Bearer eyJhbGciOiJIUzUxMiJ9.ey...
 GET / 200 in 403ms
 GET /login 200 in 463ms
 GET / 200 in 303ms
 ○ Compiling /register ...
 ✓ Compiled /register in 980ms
 GET /register 200 in 1208ms
[req-log] 2026-09-01T06:18:26.094Z POST /api/auth/register origin=http://localhost:3000 ct=application/json auth=none
 GET /dashboard 200 in 235ms
 GET /dashboard 200 in 286ms
[req-log] 2026-09-01T06:18:26.989Z GET /api/notifications/unread-count origin=none ct=none auth=Bearer eyJhbGciOiJIUzUxMiJ9.ey...
[req-log] 2026-09-01T06:18:26.996Z GET /api/dashboard origin=none ct=none auth=Bearer eyJhbGciOiJIUzUxMiJ9.ey...
[req-log] 2026-09-01T06:18:57.393Z GET /api/notifications/unread-count origin=none ct=none auth=Bearer eyJhbGciOiJIUzUxMiJ9.ey...
 ○ Compiling /events/new ...
 ✓ Compiled /events/new in 940ms
 GET /events/new 200 in 1219ms
[req-log] 2026-09-01T06:19:27.595Z GET /api/notifications/unread-count origin=none ct=none auth=Bearer eyJhbGciOiJIUzUxMiJ9.ey...
[req-log] 2026-09-01T06:19:59.764Z GET /api/notifications/unread-count origin=none ct=none auth=Bearer eyJhbGciOiJIUzUxMiJ9.ey...
[req-log] 2026-09-01T06:20:29.847Z GET /api/notifications/unread-count origin=none ct=none auth=Bearer eyJhbGciOiJIUzUxMiJ9.ey...
[req-log] 2026-09-01T06:20:59.975Z GET /api/notifications/unread-count origin=none ct=none auth=Bearer eyJhbGciOiJIUzUxMiJ9.ey...
[req-log] 2026-09-01T06:21:30.048Z GET /api/notifications/unread-count origin=none ct=none auth=Bearer eyJhbGciOiJIUzUxMiJ9.ey...
[req-log] 2026-09-01T06:21:38.490Z POST /api/events origin=http://localhost:3000 ct=application/json auth=Bearer eyJhbGciOiJIUzUxMiJ9.ey...
 ○ Compiling /events/[id] ...
 ✓ Compiled /events/[id] in 4s
 GET /events/4 200 in 4951ms
[req-log] 2026-09-01T06:21:43.806Z GET /api/events/4 origin=none ct=none auth=Bearer eyJhbGciOiJIUzUxMiJ9.ey...
[req-log] 2026-09-01T06:21:43.883Z GET /api/events/4/budget/summary origin=none ct=none auth=Bearer eyJhbGciOiJIUzUxMiJ9.ey...
[req-log] 2026-09-01T06:22:00.118Z GET /api/notifications/unread-count origin=none ct=none auth=Bearer eyJhbGciOiJIUzUxMiJ9.ey...
[req-log] 2026-09-01T06:22:30.182Z GET /api/notifications/unread-count origin=none ct=none auth=Bearer eyJhbGciOiJIUzUxMiJ9.ey...
[req-log] 2026-09-01T06:22:33.478Z POST /api/events/4/budget-categories origin=http://localhost:3000 ct=application/json auth=Bearer eyJhbGciOiJIUzUxMiJ9.ey...
[req-log] 2026-09-01T06:22:33.612Z GET /api/events/4/budget/summary origin=none ct=none auth=Bearer eyJhbGciOiJIUzUxMiJ9.ey...
[req-log] 2026-09-01T06:22:44.110Z DELETE /api/events/4/budget-categories/9 origin=http://localhost:3000 ct=none auth=Bearer eyJhbGciOiJIUzUxMiJ9.ey...
[req-log] 2026-09-01T06:22:44.199Z GET /api/events/4/budget/summary origin=none ct=none auth=Bearer eyJhbGciOiJIUzUxMiJ9.ey...
[req-log] 2026-09-01T06:22:51.527Z PUT /api/events/4/budget-categories/9 origin=http://localhost:3000 ct=application/json auth=Bearer eyJhbGciOiJIUzUxMiJ9.ey...
[req-log] 2026-09-01T06:22:51.582Z GET /api/events/4/budget/summary origin=none ct=none auth=Bearer eyJhbGciOiJIUzUxMiJ9.ey...
[req-log] 2026-09-01T06:23:00.589Z GET /api/notifications/unread-count origin=none ct=none auth=Bearer eyJhbGciOiJIUzUxMiJ9.ey...
[req-log] 2026-09-01T06:23:03.886Z PUT /api/events/4/budget-categories/9 origin=http://localhost:3000 ct=application/json auth=Bearer eyJhbGciOiJIUzUxMiJ9.ey...
[req-log] 2026-09-01T06:23:03.936Z GET /api/events/4/budget/summary origin=none ct=none auth=Bearer eyJhbGciOiJIUzUxMiJ9.ey...
 GET /events/4 200 in 775ms
[req-log] 2026-09-01T06:23:09.378Z GET /api/events/4 origin=none ct=none auth=Bearer eyJhbGciOiJIUzUxMiJ9.ey...
[req-log] 2026-09-01T06:23:09.385Z GET /api/notifications/unread-count origin=none ct=none auth=Bearer eyJhbGciOiJIUzUxMiJ9.ey...
[req-log] 2026-09-01T06:23:09.455Z GET /api/events/4/budget/summary origin=none ct=none auth=Bearer eyJhbGciOiJIUzUxMiJ9.ey...
[req-log] 2026-09-01T06:23:31.652Z POST /api/events/4/budget-categories origin=http://localhost:3000 ct=application/json auth=Bearer eyJhbGciOiJIUzUxMiJ9.ey...
[req-log] 2026-09-01T06:23:31.741Z GET /api/events/4/budget/summary origin=none ct=none auth=Bearer eyJhbGciOiJIUzUxMiJ9.ey...
[req-log] 2026-09-01T06:23:39.446Z GET /api/notifications/unread-count origin=none ct=none auth=Bearer eyJhbGciOiJIUzUxMiJ9.ey...
[req-log] 2026-09-01T06:24:09.507Z GET /api/notifications/unread-count origin=none ct=none auth=Bearer eyJhbGciOiJIUzUxMiJ9.ey...
[req-log] 2026-09-01T06:24:11.337Z POST /api/events/4/budget-categories origin=http://localhost:3000 ct=application/json auth=Bearer eyJhbGciOiJIUzUxMiJ9.ey...
[req-log] 2026-09-01T06:24:11.404Z GET /api/events/4/budget/summary origin=none ct=none auth=Bearer eyJhbGciOiJIUzUxMiJ9.ey...
[req-log] 2026-09-01T06:24:35.796Z POST /api/events/4/budget/optimize origin=http://localhost:3000 ct=application/json auth=Bearer eyJhbGciOiJIUzUxMiJ9.ey...
[req-log] 2026-09-01T06:24:39.573Z GET /api/notifications/unread-count origin=none ct=none auth=Bearer eyJhbGciOiJIUzUxMiJ9.ey...
[req-log] 2026-09-01T06:24:46.891Z POST /api/events/4/budget/optimize origin=http://localhost:3000 ct=application/json auth=Bearer eyJhbGciOiJIUzUxMiJ9.ey...
[req-log] 2026-09-01T06:25:00.783Z GET /api/events/4/expenses origin=none ct=none auth=Bearer eyJhbGciOiJIUzUxMiJ9.ey...
[req-log] 2026-09-01T06:25:00.790Z GET /api/events/4/vendors origin=none ct=none auth=Bearer eyJhbGciOiJIUzUxMiJ9.ey...
[req-log] 2026-09-01T06:25:09.664Z GET /api/notifications/unread-count origin=none ct=none auth=Bearer eyJhbGciOiJIUzUxMiJ9.ey...
[req-log] 2026-09-01T06:25:39.855Z GET /api/notifications/unread-count origin=none ct=none auth=Bearer eyJhbGciOiJIUzUxMiJ9.ey...
[req-log] 2026-09-01T06:25:52.658Z POST /api/events/4/expenses origin=http://localhost:3000 ct=application/json auth=Bearer eyJhbGciOiJIUzUxMiJ9.ey...
[req-log] 2026-09-01T06:25:52.795Z GET /api/events/4/expenses origin=none ct=none auth=Bearer eyJhbGciOiJIUzUxMiJ9.ey...
[req-log] 2026-09-01T06:25:52.802Z GET /api/events/4/budget/summary origin=none ct=none auth=Bearer eyJhbGciOiJIUzUxMiJ9.ey...
[req-log] 2026-09-01T06:26:08.339Z POST /api/events/4/budget/optimize origin=http://localhost:3000 ct=application/json auth=Bearer eyJhbGciOiJIUzUxMiJ9.ey...
[req-log] 2026-09-01T06:26:09.908Z GET /api/notifications/unread-count origin=none ct=none auth=Bearer eyJhbGciOiJIUzUxMiJ9.ey...
[req-log] 2026-09-01T06:26:39.964Z GET /api/notifications/unread-count origin=none ct=none auth=Bearer eyJhbGciOiJIUzUxMiJ9.ey...
[req-log] 2026-09-01T06:27:10.010Z GET /api/notifications/unread-count origin=none ct=none auth=Bearer eyJhbGciOiJIUzUxMiJ9.ey...
[req-log] 2026-09-01T06:27:40.073Z GET /api/notifications/unread-count origin=none ct=none auth=Bearer eyJhbGciOiJIUzUxMiJ9.ey...
[req-log] 2026-09-01T06:27:47.412Z POST /api/events/4/vendors origin=http://localhost:3000 ct=application/json auth=Bearer eyJhbGciOiJIUzUxMiJ9.ey...
[req-log] 2026-09-01T06:27:47.501Z GET /api/events/4/vendors origin=none ct=none auth=Bearer eyJhbGciOiJIUzUxMiJ9.ey...
[req-log] 2026-09-01T06:27:52.476Z GET /api/events/4/budget/summary origin=none ct=none auth=Bearer eyJhbGciOiJIUzUxMiJ9.ey...
[req-log] 2026-09-01T06:28:10.448Z GET /api/notifications/unread-count origin=none ct=none auth=Bearer eyJhbGciOiJIUzUxMiJ9.ey...
[req-log] 2026-09-01T06:28:30.085Z GET /api/events/4/expenses origin=none ct=none auth=Bearer eyJhbGciOiJIUzUxMiJ9.ey...
[req-log] 2026-09-01T06:28:40.487Z GET /api/notifications/unread-count origin=none ct=none auth=Bearer eyJhbGciOiJIUzUxMiJ9.ey...
[req-log] 2026-09-01T06:28:46.791Z GET /api/events/4/staff origin=none ct=none auth=Bearer eyJhbGciOiJIUzUxMiJ9.ey...
[req-log] 2026-09-01T06:29:10.117Z GET /api/events/4/guests origin=none ct=none auth=Bearer eyJhbGciOiJIUzUxMiJ9.ey...
[req-log] 2026-09-01T06:29:10.555Z GET /api/notifications/unread-count origin=none ct=none auth=Bearer eyJhbGciOiJIUzUxMiJ9.ey...
[req-log] 2026-09-01T06:29:12.676Z GET /api/events/4/tasks origin=none ct=none auth=Bearer eyJhbGciOiJIUzUxMiJ9.ey...
[req-log] 2026-09-01T06:29:27.291Z POST /api/events/4/publish origin=http://localhost:3000 ct=none auth=Bearer eyJhbGciOiJIUzUxMiJ9.ey...
[req-log] 2026-09-01T06:29:27.361Z GET /api/events/4 origin=none ct=none auth=Bearer eyJhbGciOiJIUzUxMiJ9.ey...
 ○ Compiling /r/[token] ...
 ✓ Compiled /r/[token] in 959ms
 GET /r/cc211893f0b04058b09ca25d8334470f 200 in 2018ms
[req-log] 2026-09-01T06:29:39.729Z GET /api/public/events/cc211893f0b04058b09ca25d8334470f origin=none ct=none auth=Bearer eyJhbGciOiJIUzUxMiJ9.ey...
[req-log] 2026-09-01T06:29:41.188Z GET /api/notifications/unread-count origin=none ct=none auth=Bearer eyJhbGciOiJIUzUxMiJ9.ey...
[req-log] 2026-09-01T06:30:07.975Z POST /api/public/events/cc211893f0b04058b09ca25d8334470f/register origin=http://localhost:3000 ct=application/json auth=Bearer eyJhbGciOiJIUzUxMiJ9.ey...
[req-log] 2026-09-01T06:30:11.243Z GET /api/notifications/unread-count origin=none ct=none auth=Bearer eyJhbGciOiJIUzUxMiJ9.ey...
 GET /events/4 200 in 515ms
[req-log] 2026-09-01T06:30:14.640Z GET /api/events/4 origin=none ct=none auth=Bearer eyJhbGciOiJIUzUxMiJ9.ey...
[req-log] 2026-09-01T06:30:14.646Z GET /api/notifications/unread-count origin=none ct=none auth=Bearer eyJhbGciOiJIUzUxMiJ9.ey...
[req-log] 2026-09-01T06:30:14.725Z GET /api/events/4/budget/summary origin=none ct=none auth=Bearer eyJhbGciOiJIUzUxMiJ9.ey...
[req-log] 2026-09-01T06:30:16.368Z GET /api/events/4/guests origin=none ct=none auth=Bearer eyJhbGciOiJIUzUxMiJ9.ey...
[req-log] 2026-09-01T06:30:20.126Z PATCH /api/events/4/guests/1/status origin=http://localhost:3000 ct=application/json auth=Bearer eyJhbGciOiJIUzUxMiJ9.ey...
[req-log] 2026-09-01T06:30:20.216Z GET /api/events/4/guests origin=none ct=none auth=Bearer eyJhbGciOiJIUzUxMiJ9.ey...
[req-log] 2026-09-01T06:30:28.743Z GET /api/events/4/backup origin=none ct=none auth=Bearer eyJhbGciOiJIUzUxMiJ9.ey...
[req-log] 2026-09-01T06:30:28.752Z GET /api/events/4/recovery-points origin=none ct=none auth=Bearer eyJhbGciOiJIUzUxMiJ9.ey...
[req-log] 2026-09-01T06:30:28.757Z GET /api/events/4/logs origin=none ct=none auth=Bearer eyJhbGciOiJIUzUxMiJ9.ey...
[req-log] 2026-09-01T06:30:45.642Z GET /api/notifications/unread-count origin=none ct=none auth=Bearer eyJhbGciOiJIUzUxMiJ9.ey...
[req-log] 2026-09-01T06:31:16.943Z GET /api/notifications/unread-count origin=none ct=none auth=Bearer eyJhbGciOiJIUzUxMiJ9.ey...
[req-log] 2026-09-01T06:31:28.728Z GET /api/events/4/reports/summary origin=none ct=none auth=Bearer eyJhbGciOiJIUzUxMiJ9.ey...
[req-log] 2026-09-01T06:31:28.756Z GET /api/events/4/reports/budget origin=none ct=none auth=Bearer eyJhbGciOiJIUzUxMiJ9.ey...
[req-log] 2026-09-01T06:31:28.761Z GET /api/events/4/reports/expenses origin=none ct=none auth=Bearer eyJhbGciOiJIUzUxMiJ9.ey...
[req-log] 2026-09-01T06:31:28.764Z GET /api/events/4/reports/vendors origin=none ct=none auth=Bearer eyJhbGciOiJIUzUxMiJ9.ey...
[req-log] 2026-09-01T06:31:28.770Z GET /api/events/4/reports/staff origin=none ct=none auth=Bearer eyJhbGciOiJIUzUxMiJ9.ey...
[req-log] 2026-09-01T06:31:28.790Z GET /api/events/4/reports/attendance origin=none ct=none auth=Bearer eyJhbGciOiJIUzUxMiJ9.ey...
[req-log] 2026-09-01T06:31:28.796Z GET /api/events/4/reports/daily-overview origin=none ct=none auth=Bearer eyJhbGciOiJIUzUxMiJ9.ey...
[req-log] 2026-09-01T06:31:29.156Z GET /api/events/4/reports/daily origin=none ct=none auth=Bearer eyJhbGciOiJIUzUxMiJ9.ey...
[req-log] 2026-09-01T06:31:46.987Z GET /api/notifications/unread-count origin=none ct=none auth=Bearer eyJhbGciOiJIUzUxMiJ9.ey...
[req-log] 2026-09-01T06:32:17.377Z GET /api/notifications/unread-count origin=none ct=none auth=Bearer eyJhbGciOiJIUzUxMiJ9.ey...
[req-log] 2026-09-01T06:32:45.264Z GET /api/events/4/tasks origin=none ct=none auth=Bearer eyJhbGciOiJIUzUxMiJ9.ey...
[req-log] 2026-09-01T06:32:45.277Z GET /api/events/4/staff origin=none ct=none auth=Bearer eyJhbGciOiJIUzUxMiJ9.ey...
[req-log] 2026-09-01T06:32:47.438Z GET /api/notifications/unread-count origin=none ct=none auth=Bearer eyJhbGciOiJIUzUxMiJ9.ey...
[req-log] 2026-09-01T06:33:16.462Z GET /api/events/4/vendors origin=none ct=none auth=Bearer eyJhbGciOiJIUzUxMiJ9.ey...
[req-log] 2026-09-01T06:33:17.486Z GET /api/notifications/unread-count origin=none ct=none auth=Bearer eyJhbGciOiJIUzUxMiJ9.ey...
[req-log] 2026-09-01T06:33:47.448Z POST /api/events/4/staff origin=http://localhost:3000 ct=application/json auth=Bearer eyJhbGciOiJIUzUxMiJ9.ey...
[req-log] 2026-09-01T06:33:47.516Z GET /api/events/4/staff origin=none ct=none auth=Bearer eyJhbGciOiJIUzUxMiJ9.ey...
[req-log] 2026-09-01T06:33:47.539Z GET /api/notifications/unread-count origin=none ct=none auth=Bearer eyJhbGciOiJIUzUxMiJ9.ey...
[req-log] 2026-09-01T06:34:17.584Z GET /api/notifications/unread-count origin=none ct=none auth=Bearer eyJhbGciOiJIUzUxMiJ9.ey...
[req-log] 2026-09-01T06:34:33.939Z POST /api/events/4/tasks origin=http://localhost:3000 ct=application/json auth=Bearer eyJhbGciOiJIUzUxMiJ9.ey...
[req-log] 2026-09-01T06:34:34.015Z GET /api/events/4/tasks origin=none ct=none auth=Bearer eyJhbGciOiJIUzUxMiJ9.ey...
[req-log] 2026-09-01T06:34:37.451Z PATCH /api/events/4/tasks/1/status origin=http://localhost:3000 ct=application/json auth=Bearer eyJhbGciOiJIUzUxMiJ9.ey...
[req-log] 2026-09-01T06:34:37.514Z GET /api/events/4/tasks origin=none ct=none auth=Bearer eyJhbGciOiJIUzUxMiJ9.ey...
[req-log] 2026-09-01T06:34:42.818Z PATCH /api/events/4/tasks/1/status origin=http://localhost:3000 ct=application/json auth=Bearer eyJhbGciOiJIUzUxMiJ9.ey...
[req-log] 2026-09-01T06:34:42.877Z GET /api/events/4/tasks origin=none ct=none auth=Bearer eyJhbGciOiJIUzUxMiJ9.ey...
[req-log] 2026-09-01T06:34:47.625Z GET /api/notifications/unread-count origin=none ct=none auth=Bearer eyJhbGciOiJIUzUxMiJ9.ey...
[req-log] 2026-09-01T06:34:50.646Z GET /api/events/4/guests origin=none ct=none auth=Bearer eyJhbGciOiJIUzUxMiJ9.ey...
[req-log] 2026-09-01T06:34:52.214Z GET /api/events/4/expenses origin=none ct=none auth=Bearer eyJhbGciOiJIUzUxMiJ9.ey...
[req-log] 2026-09-01T06:34:52.223Z GET /api/events/4/budget/summary origin=none ct=none auth=Bearer eyJhbGciOiJIUzUxMiJ9.ey...
[req-log] 2026-09-01T06:34:52.229Z GET /api/events/4/vendors origin=none ct=none auth=Bearer eyJhbGciOiJIUzUxMiJ9.ey...
[req-log] 2026-09-01T06:34:56.024Z GET /api/events/4/reports/summary origin=none ct=none auth=Bearer eyJhbGciOiJIUzUxMiJ9.ey...
[req-log] 2026-09-01T06:34:56.041Z GET /api/events/4/reports/budget origin=none ct=none auth=Bearer eyJhbGciOiJIUzUxMiJ9.ey...
[req-log] 2026-09-01T06:34:56.047Z GET /api/events/4/reports/expenses origin=none ct=none auth=Bearer eyJhbGciOiJIUzUxMiJ9.ey...
[req-log] 2026-09-01T06:34:56.052Z GET /api/events/4/reports/vendors origin=none ct=none auth=Bearer eyJhbGciOiJIUzUxMiJ9.ey...
[req-log] 2026-09-01T06:34:56.072Z GET /api/events/4/reports/staff origin=none ct=none auth=Bearer eyJhbGciOiJIUzUxMiJ9.ey...
[req-log] 2026-09-01T06:34:56.077Z GET /api/events/4/reports/attendance origin=none ct=none auth=Bearer eyJhbGciOiJIUzUxMiJ9.ey...
[req-log] 2026-09-01T06:34:56.084Z GET /api/events/4/reports/daily-overview origin=none ct=none auth=Bearer eyJhbGciOiJIUzUxMiJ9.ey...
[req-log] 2026-09-01T06:34:56.210Z GET /api/events/4/reports/daily origin=none ct=none auth=Bearer eyJhbGciOiJIUzUxMiJ9.ey...
[req-log] 2026-09-01T06:35:06.013Z GET /api/events/4/backup origin=none ct=none auth=Bearer eyJhbGciOiJIUzUxMiJ9.ey...
[req-log] 2026-09-01T06:35:06.026Z GET /api/events/4/recovery-points origin=none ct=none auth=Bearer eyJhbGciOiJIUzUxMiJ9.ey...
[req-log] 2026-09-01T06:35:06.031Z GET /api/events/4/logs origin=none ct=none auth=Bearer eyJhbGciOiJIUzUxMiJ9.ey...
[req-log] 2026-09-01T06:35:18.641Z GET /api/notifications/unread-count origin=none ct=none auth=Bearer eyJhbGciOiJIUzUxMiJ9.ey...
[req-log] 2026-09-01T06:35:48.761Z GET /api/notifications/unread-count origin=none ct=none auth=Bearer eyJhbGciOiJIUzUxMiJ9.ey...
[req-log] 2026-09-01T06:36:19.005Z GET /api/notifications/unread-count origin=none ct=none auth=Bearer eyJhbGciOiJIUzUxMiJ9.ey...
[req-log] 2026-09-01T06:36:25.388Z POST /api/notifications/read-all origin=http://localhost:3000 ct=none auth=Bearer eyJhbGciOiJIUzUxMiJ9.ey...
[req-log] 2026-09-01T06:36:25.399Z GET /api/notifications origin=none ct=none auth=Bearer eyJhbGciOiJIUzUxMiJ9.ey...
[req-log] 2026-09-01T06:36:25.477Z GET /api/notifications/unread-count origin=none ct=none auth=Bearer eyJhbGciOiJIUzUxMiJ9.ey...
[req-log] 2026-09-01T06:36:25.487Z GET /api/notifications origin=none ct=none auth=Bearer eyJhbGciOiJIUzUxMiJ9.ey...
 ○ Compiling /notifications ...
 ✓ Compiled /notifications in 873ms
 GET /notifications 200 in 1089ms
[req-log] 2026-09-01T06:36:42.024Z GET /api/events/4/budget/summary origin=none ct=none auth=Bearer eyJhbGciOiJIUzUxMiJ9.ey...
[req-log] 2026-09-01T06:36:55.542Z GET /api/notifications/unread-count origin=none ct=none auth=Bearer eyJhbGciOiJIUzUxMiJ9.ey...
[req-log] 2026-09-01T06:37:10.059Z POST /api/events/4/budget-categories origin=http://localhost:3000 ct=application/json auth=Bearer eyJhbGciOiJIUzUxMiJ9.ey...
[req-log] 2026-09-01T06:37:10.122Z GET /api/events/4/budget/summary origin=none ct=none auth=Bearer eyJhbGciOiJIUzUxMiJ9.ey...
[req-log] 2026-09-01T06:37:25.746Z GET /api/notifications/unread-count origin=none ct=none auth=Bearer eyJhbGciOiJIUzUxMiJ9.ey...
[req-log] 2026-09-01T06:37:43.483Z POST /api/events/4/budget-categories origin=http://localhost:3000 ct=application/json auth=Bearer eyJhbGciOiJIUzUxMiJ9.ey...
[req-log] 2026-09-01T06:37:43.532Z GET /api/events/4/budget/summary origin=none ct=none auth=Bearer eyJhbGciOiJIUzUxMiJ9.ey...
[req-log] 2026-09-01T06:37:55.804Z GET /api/notifications/unread-count origin=none ct=none auth=Bearer eyJhbGciOiJIUzUxMiJ9.ey...
[req-log] 2026-09-01T06:38:04.196Z POST /api/events/4/budget-categories origin=http://localhost:3000 ct=application/json auth=Bearer eyJhbGciOiJIUzUxMiJ9.ey...
[req-log] 2026-09-01T06:38:04.270Z GET /api/events/4/budget/summary origin=none ct=none auth=Bearer eyJhbGciOiJIUzUxMiJ9.ey...
[req-log] 2026-09-01T06:38:14.032Z POST /api/events/4/budget/optimize origin=http://localhost:3000 ct=application/json auth=Bearer eyJhbGciOiJIUzUxMiJ9.ey...
[req-log] 2026-09-01T06:38:25.854Z GET /api/notifications/unread-count origin=none ct=none auth=Bearer eyJhbGciOiJIUzUxMiJ9.ey...
[req-log] 2026-09-01T06:38:53.345Z POST /api/events/4/budget/optimize origin=http://localhost:3000 ct=application/json auth=Bearer eyJhbGciOiJIUzUxMiJ9.ey...
[req-log] 2026-09-01T06:38:55.909Z GET /api/notifications/unread-count origin=none ct=none auth=Bearer eyJhbGciOiJIUzUxMiJ9.ey...
[req-log] 2026-09-01T06:39:25.970Z GET /api/notifications/unread-count origin=none ct=none auth=Bearer eyJhbGciOiJIUzUxMiJ9.ey...
[req-log] 2026-09-01T06:39:41.853Z POST /api/events/4/budget/optimize/apply origin=http://localhost:3000 ct=application/json auth=Bearer eyJhbGciOiJIUzUxMiJ9.ey...
[req-log] 2026-09-01T06:39:41.965Z GET /api/events/4/budget/summary origin=none ct=none auth=Bearer eyJhbGciOiJIUzUxMiJ9.ey...
[req-log] 2026-09-01T06:39:56.105Z GET /api/notifications/unread-count origin=none ct=none auth=Bearer eyJhbGciOiJIUzUxMiJ9.ey...
[req-log] 2026-09-01T06:40:00.134Z GET /api/events/4/vendors origin=none ct=none auth=Bearer eyJhbGciOiJIUzUxMiJ9.ey...
[req-log] 2026-09-01T06:40:01.423Z GET /api/events/4/staff origin=none ct=none auth=Bearer eyJhbGciOiJIUzUxMiJ9.ey...
 GET /dashboard 200 in 255ms
[req-log] 2026-09-01T06:40:03.812Z GET /api/dashboard origin=none ct=none auth=Bearer eyJhbGciOiJIUzUxMiJ9.ey...
[req-log] 2026-09-01T06:40:26.249Z GET /api/notifications/unread-count origin=none ct=none auth=Bearer eyJhbGciOiJIUzUxMiJ9.ey...
[req-log] 2026-09-01T06:40:58.127Z GET /api/notifications/unread-count origin=none ct=none auth=Bearer eyJhbGciOiJIUzUxMiJ9.ey...
[req-log] 2026-09-01T06:41:30.506Z GET /api/notifications/unread-count origin=none ct=none auth=Bearer eyJhbGciOiJIUzUxMiJ9.ey...
[req-log] 2026-09-01T06:42:03.596Z GET /api/notifications/unread-count origin=none ct=none auth=Bearer eyJhbGciOiJIUzUxMiJ9.ey...
[req-log] 2026-09-01T06:42:36.746Z GET /api/notifications/unread-count origin=none ct=none auth=Bearer eyJhbGciOiJIUzUxMiJ9.ey...
[req-log] 2026-09-01T06:43:09.906Z GET /api/notifications/unread-count origin=none ct=none auth=Bearer eyJhbGciOiJIUzUxMiJ9.ey...
[req-log] 2026-09-01T06:43:43.017Z GET /api/notifications/unread-count origin=none ct=none auth=Bearer eyJhbGciOiJIUzUxMiJ9.ey...
[req-log] 2026-09-01T06:44:16.153Z GET /api/notifications/unread-count origin=none ct=none auth=Bearer eyJhbGciOiJIUzUxMiJ9.ey...
[req-log] 2026-09-01T06:44:49.270Z GET /api/notifications/unread-count origin=none ct=none auth=Bearer eyJhbGciOiJIUzUxMiJ9.ey...
[req-log] 2026-09-01T06:45:22.391Z GET /api/notifications/unread-count origin=none ct=none auth=Bearer eyJhbGciOiJIUzUxMiJ9.ey...
[req-log] 2026-09-01T06:45:55.540Z GET /api/notifications/unread-count origin=none ct=none auth=Bearer eyJhbGciOiJIUzUxMiJ9.ey...
[req-log] 2026-09-01T06:46:28.666Z GET /api/notifications/unread-count origin=none ct=none auth=Bearer eyJhbGciOiJIUzUxMiJ9.ey...
[req-log] 2026-09-01T06:47:01.807Z GET /api/notifications/unread-count origin=none ct=none auth=Bearer eyJhbGciOiJIUzUxMiJ9.ey...
[req-log] 2026-09-01T06:47:31.877Z GET /api/notifications/unread-count origin=none ct=none auth=Bearer eyJhbGciOiJIUzUxMiJ9.ey...
[req-log] 2026-09-01T06:48:01.957Z GET /api/notifications/unread-count origin=none ct=none auth=Bearer eyJhbGciOiJIUzUxMiJ9.ey...
[req-log] 2026-09-01T06:48:32.050Z GET /api/notifications/unread-count origin=none ct=none auth=Bearer eyJhbGciOiJIUzUxMiJ9.ey...
[req-log] 2026-09-01T06:49:05.172Z GET /api/notifications/unread-count origin=none ct=none auth=Bearer eyJhbGciOiJIUzUxMiJ9.ey...
[req-log] 2026-09-01T06:49:38.330Z GET /api/notifications/unread-count origin=none ct=none auth=Bearer eyJhbGciOiJIUzUxMiJ9.ey...
